windows 10 bluescreen problem

https://www.youtube.com/watch?v=OdXRwH8rXvI
https://www.youtube.com/watch?v=SlfytZOvtC8&pp=ygUfd2luZG93cyAxMCBibHVlIHNjcmVlbiBvZiBkZWF0aNIHCQlNCgGHKiGM7w%3D%3D